[
  0,
  15,
  10,
  13,
  8,
  2,
  5,
  3,
  4,
  1,
  9,
  14,
  11,
  12,
  6,
  7
]
