[
  0,
  5,
  9,
  8,
  6,
  4,
  2,
  3,
  7,
  1
]
